In API:

UPDATE staff SET orderID = 14 WHERE id = 1
UPDATE staff SET orderID = 1 WHERE id = 2
UPDATE staff SET orderID = 2 WHERE id = 3
UPDATE staff SET orderID = 3 WHERE id = 4
UPDATE staff SET orderID = 4 WHERE id = 5
UPDATE staff SET orderID = 5 WHERE id = 6
UPDATE staff SET orderID = 6 WHERE id = 7
UPDATE staff SET orderID = 7 WHERE id = 8
UPDATE staff SET orderID = 8 WHERE id = 9
UPDATE staff SET orderID = 9 WHERE id = 10

TypeError: Cannot read properties of undefined (reading 'orderID')
    at Object.exports.updateStaffOrder (C:\Users\Martin\Documents\GitHub\imtv_api\models\staff.js:41:16)
    at exports.updateStaffOrder (C:\Users\Martin\Documents\GitHub\imtv_api\controllers\staff.js:24:14)
    at Layer.handle [as handle_request] (C:\Users\Martin\Documents\GitHub\imtv_api\node_modules\express\lib\router\layer.js:95:5)
    at next (C:\Users\Martin\Documents\GitHub\imtv_api\node_modules\express\lib\router\route.js:144:13)
    at Route.dispatch (C:\Users\Martin\Documents\GitHub\imtv_api\node_modules\express\lib\router\route.js:114:3)
    at Layer.handle [as handle_request] (C:\Users\Martin\Documents\GitHub\imtv_api\node_modules\express\lib\router\layer.js:95:5)
    at C:\Users\Martin\Documents\GitHub\imtv_api\node_modules\express\lib\router\index.js:284:15
    at Function.process_params (C:\Users\Martin\Documents\GitHub\imtv_api\node_modules\express\lib\router\index.js:346:12)
    at next (C:\Users\Martin\Documents\GitHub\imtv_api\node_modules\express\lib\router\index.js:280:10)
    at Function.handle (C:\Users\Martin\Documents\GitHub\imtv_api\node_modules\express\lib\router\index.js:175:3)


-- Why does is try to read the orderID again? The query is done..

REQ in Update Site:
(This error is console logged)

Error status 500: The HTTP status code 500 is a generic error response. 
It means that the server encountered an unexpected condition that prevented it from fulfilling the request. 
This error is usually returned by the server when no other error code is suitable.

Error: Internal Server Error
    at Request.callback (C:\Users\Martin\Documents\GitHub\update_imtv\node_modules\superagent\lib\node\index.js:905:17)
    at IncomingMessage.<anonymous> (C:\Users\Martin\Documents\GitHub\update_imtv\node_modules\superagent\lib\node\index.js:1145:18)        
    at IncomingMessage.emit (node:events:539:35)
    at endReadableNT (node:internal/streams/readable:1345:12)
    at processTicksAndRejections (node:internal/process/task_queues:83:21) {
  status: 500,
  response: <ref *1> Response {
    _events: [Object: null prototype] {},
    _eventsCount: 0,
    _maxListeners: undefined,
    res: IncomingMessage {
      _readableState: [ReadableState],
      _events: [Object: null prototype],
      _eventsCount: 4,
      _maxListeners: undefined,
      socket: [Socket],
      httpVersionMajor: 1,
      httpVersionMinor: 1,
      httpVersion: '1.1',
      complete: true,
      rawHeaders: [Array],
      rawTrailers: [],
      aborted: false,
      upgrade: false,
      url: '',
      method: null,
      statusCode: 500,
      statusMessage: 'Internal Server Error',
      client: [Socket],
      _consuming: false,
      _dumped: false,
      req: [ClientRequest],
      text: '<!DOCTYPE html>\n' +
        '<html lang="en">\n' +
        '<head>\n' +
        '<meta charset="utf-8">\n' +
        '<title>Error</title>\n' +
        '</head>\n' +
        '<body>\n' +
        '<pre>TypeError: Cannot read properties of undefined (reading &#39;orderID&#39;)<br> &nbsp; &nbsp;at Object.exports.updateStaffOrder (C:\\Users\\Martin\\Documents\\GitHub\\imtv_api\\models\\staff.js:41:16)<br> &nbsp; &nbsp;at exports.updateStaffOrder (C:\\Users\\Martin\\Documents\\GitHub\\imtv_api\\controllers\\staff.js:24:14)<br> &nbsp; &nbsp;at Layer.handle [as handle_request] (C:\\Users\\Martin\\Documents\\GitHub\\imtv_api\\node_modules\\express\\lib\\router\\layer.js:95:5)<br> &nbsp; &nbsp;at next (C:\\Users\\Martin\\Documents\\GitHub\\imtv_api\\node_modules\\express\\lib\\router\\route.js:144:13)<br> &nbsp; &nbsp;at Route.dispatch (C:\\Users\\Martin\\Documents\\GitHub\\imtv_api\\node_modules\\express\\lib\\router\\route.js:114:3)<br> &nbsp; &nbsp;at Layer.handle [as handle_request] (C:\\Users\\Martin\\Documents\\GitHub\\imtv_api\\node_modules\\express\\lib\\router\\layer.js:95:5)<br> &nbsp; &nbsp;at C:\\Users\\Martin\\Documents\\GitHub\\imtv_api\\node_modules\\express\\lib\\router\\index.js:284:15<br> &nbsp; &nbsp;at Function.process_params (C:\\Users\\Martin\\Documents\\GitHub\\imtv_api\\node_modules\\express\\lib\\router\\index.js:346:12)<br> &nbsp; &nbsp;at next (C:\\Users\\Martin\\Documents\\GitHub\\imtv_api\\node_modules\\express\\lib\\router\\index.js:280:10)<br> &nbsp; &nbsp;at Function.handle (C:\\Users\\Martin\\Documents\\GitHub\\imtv_api\\node_modules\\express\\lib\\router\\index.js:175:3)</pre>\n' +
        '</body>\n' +
        '</html>\n',
      [Symbol(kCapture)]: false,
      [Symbol(kHeaders)]: [Object],
      [Symbol(kHeadersCount)]: 20,
      [Symbol(kTrailers)]: null,
      [Symbol(kTrailersCount)]: 0,
      [Symbol(RequestTimeout)]: undefined
    },
    request: Request {
      _events: [Object: null prototype] {},
      _eventsCount: 0,
      _maxListeners: undefined,
      _enableHttp2: false,
      _agent: false,
      _formData: null,
      method: 'POST',
      url: 'http://localhost:8080/updatestafforder/',
      _header: [Object],
      header: [Object],
      writable: true,
      _redirects: 0,
      _maxRedirects: 5,
      cookies: '',
      qs: {},
      _query: [],
      qsRaw: [],
      _redirectList: [],
      _streamRequest: false,
      _lookup: undefined,
      _data: [Array],
      req: [ClientRequest],
      protocol: 'http:',
      host: 'localhost:8080',
      _endCalled: true,
      _callback: [Function (anonymous)],
      res: [IncomingMessage],
      _resBuffered: true,
      response: [Circular *1],
      called: true,
      [Symbol(kCapture)]: false
    },
    req: ClientRequest {
      _events: [Object: null prototype],
      _eventsCount: 3,
      _maxListeners: undefined,
      outputData: [],
      outputSize: 0,
      writable: true,
      destroyed: false,
      _last: true,
      chunkedEncoding: false,
      shouldKeepAlive: false,
      maxRequestsOnConnectionReached: false,
      _defaultKeepAlive: true,
      useChunkedEncodingByDefault: true,
      sendDate: false,
      _removedConnection: false,
      _removedContLen: false,
      _removedTE: false,
      _contentLength: 16433,
      _hasBody: true,
      _trailer: '',
      finished: true,
      _headerSent: true,
      _closed: false,
      socket: [Socket],
      _header: 'POST /updatestafforder/ HTTP/1.1\r\n' +
        'Host: localhost:8080\r\n' +
        'Accept-Encoding: gzip, deflate\r\n' +
        'Content-Type: application/json\r\n' +
        'accept: json\r\n' +
        'Content-Length: 16433\r\n' +
        'Connection: close\r\n' +
        '\r\n',
      _keepAliveTimeout: 0,
      _onPendingData: [Function: nop],
      agent: [Agent],
      socketPath: undefined,
      method: 'POST',
      maxHeaderSize: undefined,
      insecureHTTPParser: undefined,
      path: '/updatestafforder/',
      _ended: true,
      res: [IncomingMessage],
      aborted: false,
      timeoutCb: null,
      upgradeOrConnect: false,
      parser: null,
      maxHeadersCount: null,
      reusedSocket: false,
      host: 'localhost',
      protocol: 'http:',
      [Symbol(kCapture)]: false,
      [Symbol(kNeedDrain)]: false,
      [Symbol(corked)]: 0,
      [Symbol(kOutHeaders)]: [Object: null prototype]
    },
    text: '<!DOCTYPE html>\n' +
      '<html lang="en">\n' +
      '<head>\n' +
      '<meta charset="utf-8">\n' +
      '<title>Error</title>\n' +
      '</head>\n' +
      '<body>\n' +
      '<pre>TypeError: Cannot read properties of undefined (reading &#39;orderID&#39;)<br> &nbsp; &nbsp;at Object.exports.updateStaffOrder 
(C:\\Users\\Martin\\Documents\\GitHub\\imtv_api\\models\\staff.js:41:16)<br> &nbsp; &nbsp;at exports.updateStaffOrder (C:\\Users\\Martin\\Documents\\GitHub\\imtv_api\\controllers\\staff.js:24:14)<br> &nbsp; &nbsp;at Layer.handle [as handle_request] (C:\\Users\\Martin\\Documents\\GitHub\\imtv_api\\node_modules\\express\\lib\\router\\layer.js:95:5)<br> &nbsp; &nbsp;at next (C:\\Users\\Martin\\Documents\\GitHub\\imtv_api\\node_modules\\express\\lib\\router\\route.js:144:13)<br> &nbsp; &nbsp;at Route.dispatch (C:\\Users\\Martin\\Documents\\GitHub\\imtv_api\\node_modules\\express\\lib\\router\\route.js:114:3)<br> &nbsp; &nbsp;at Layer.handle [as handle_request] (C:\\Users\\Martin\\Documents\\GitHub\\imtv_api\\node_modules\\express\\lib\\router\\layer.js:95:5)<br> &nbsp; &nbsp;at C:\\Users\\Martin\\Documents\\GitHub\\imtv_api\\node_modules\\express\\lib\\router\\index.js:284:15<br> &nbsp; &nbsp;at Function.process_params (C:\\Users\\Martin\\Documents\\GitHub\\imtv_api\\node_modules\\express\\lib\\router\\index.js:346:12)<br> &nbsp; &nbsp;at next (C:\\Users\\Martin\\Documents\\GitHub\\imtv_api\\node_modules\\express\\lib\\router\\index.js:280:10)<br> &nbsp; &nbsp;at Function.handle (C:\\Users\\Martin\\Documents\\GitHub\\imtv_api\\node_modules\\express\\lib\\router\\index.js:175:3)</pre>\n' +
      '</body>\n' +
      '</html>\n',
    files: undefined,
    buffered: true,
    headers: {
      'x-powered-by': 'Express',
      'access-control-allow-origin': '*',
      'access-control-allow-methods': 'GET, POST, PUT, PATCH, DELETE',
      'access-control-allow-headers': 'Content-Type, Authorization',
      'content-security-policy': "default-src 'none'",
      'x-content-type-options': 'nosniff',
      'content-type': 'text/html; charset=utf-8',
      'content-length': '1454',
      date: 'Tue, 26 Jul 2022 13:38:08 GMT',
      connection: 'close'
    },
    header: {
      'x-powered-by': 'Express',
      'access-control-allow-origin': '*',
      'access-control-allow-methods': 'GET, POST, PUT, PATCH, DELETE',
      'access-control-allow-headers': 'Content-Type, Authorization',
      'content-security-policy': "default-src 'none'",
      'x-content-type-options': 'nosniff',
      'content-type': 'text/html; charset=utf-8',
      'content-length': '1454',
      date: 'Tue, 26 Jul 2022 13:38:08 GMT',
      connection: 'close'
    },
    statusCode: 500,
    status: 500,
    statusType: 5,
    info: false,
    ok: false,
    redirect: false,
    clientError: false,
    serverError: true,
    error: Error: cannot POST /updatestafforder/ (500)
        at Response.toError (C:\Users\Martin\Documents\GitHub\update_imtv\node_modules\superagent\lib\node\response.js:111:17)
        at ResponseBase._setStatusProperties (C:\Users\Martin\Documents\GitHub\update_imtv\node_modules\superagent\lib\response-base.js:101:48)
        at new Response (C:\Users\Martin\Documents\GitHub\update_imtv\node_modules\superagent\lib\node\response.js:46:8)
        at Request._emitResponse (C:\Users\Martin\Documents\GitHub\update_imtv\node_modules\superagent\lib\node\index.js:953:20)
        at IncomingMessage.<anonymous> (C:\Users\Martin\Documents\GitHub\update_imtv\node_modules\superagent\lib\node\index.js:1145:38)    
        at IncomingMessage.emit (node:events:539:35)
        at endReadableNT (node:internal/streams/readable:1345:12)
        at processTicksAndRejections (node:internal/process/task_queues:83:21) {
      status: 500,
      text: '<!DOCTYPE html>\n' +
        '<html lang="en">\n' +
        '<head>\n' +
        '<meta charset="utf-8">\n' +
        '<title>Error</title>\n' +
        '</head>\n' +
        '<body>\n' +
        '<pre>TypeError: Cannot read properties of undefined (reading &#39;orderID&#39;)<br> &nbsp; &nbsp;at Object.exports.updateStaffOrder (C:\\Users\\Martin\\Documents\\GitHub\\imtv_api\\models\\staff.js:41:16)<br> &nbsp; &nbsp;at exports.updateStaffOrder (C:\\Users\\Martin\\Documents\\GitHub\\imtv_api\\controllers\\staff.js:24:14)<br> &nbsp; &nbsp;at Layer.handle [as handle_request] (C:\\Users\\Martin\\Documents\\GitHub\\imtv_api\\node_modules\\express\\lib\\router\\layer.js:95:5)<br> &nbsp; &nbsp;at next (C:\\Users\\Martin\\Documents\\GitHub\\imtv_api\\node_modules\\express\\lib\\router\\route.js:144:13)<br> &nbsp; &nbsp;at Route.dispatch (C:\\Users\\Martin\\Documents\\GitHub\\imtv_api\\node_modules\\express\\lib\\router\\route.js:114:3)<br> &nbsp; &nbsp;at Layer.handle [as handle_request] (C:\\Users\\Martin\\Documents\\GitHub\\imtv_api\\node_modules\\express\\lib\\router\\layer.js:95:5)<br> &nbsp; &nbsp;at C:\\Users\\Martin\\Documents\\GitHub\\imtv_api\\node_modules\\express\\lib\\router\\index.js:284:15<br> &nbsp; &nbsp;at Function.process_params (C:\\Users\\Martin\\Documents\\GitHub\\imtv_api\\node_modules\\express\\lib\\router\\index.js:346:12)<br> &nbsp; &nbsp;at next (C:\\Users\\Martin\\Documents\\GitHub\\imtv_api\\node_modules\\express\\lib\\router\\index.js:280:10)<br> &nbsp; &nbsp;at Function.handle (C:\\Users\\Martin\\Documents\\GitHub\\imtv_api\\node_modules\\express\\lib\\router\\index.js:175:3)</pre>\n' +
        '</body>\n' +
        '</html>\n',
      method: 'POST',
      path: '/updatestafforder/'
    },
    created: false,
    accepted: false,
    noContent: false,
    badRequest: false,
    unauthorized: false,
    notAcceptable: false,
    forbidden: false,
    notFound: false,
    unprocessableEntity: false,
    type: 'text/html',
    charset: 'utf-8',
    links: {},
    setEncoding: [Function: bound ],
    redirects: [],
    pipe: [Function (anonymous)],
    [Symbol(kCapture)]: false
  }
}
